Index: 5
Name: Should exec when filtered on cwd
WantErr: false
Cmd:
repoctl sync
cd awesome-job-boards
repoctl exec -o table --cwd pwd


---

Project [spiko]


Project [rmrfrs]


Project [awesome-job-boards]



 Project            | Synced 
--------------------+--------
 example            | ✓      
 spiko              | ✓      
 rmrfrs           | ✓      
 awesome-job-boards | ✓      


 project            | output                                                      
--------------------+-------------------------------------------------------------
 awesome-job-boards | /home/test/test/tmp/golden/exec/golden-5/awesome-job-boards 

